[backblue.gif]
[fade.gif]
[index.html]
[math.iisc.ac.in/iisclogo.jpg]
[math.iisc.ac.in/images/lnk-intro1.gif]
[math.iisc.ac.in/images/lnk-imi1.gif]
[math.iisc.ac.in/images/lnk-people1.gif]
[math.iisc.ac.in/images/lnk-nonlin1.gif]
[math.iisc.ac.in/images/lnk-research1.gif]
[math.iisc.ac.in/images/lnk-matholym1.gif]
[math.iisc.ac.in/images/lnk-courses1.gif]
[math.iisc.ac.in/images/lnk-degree1.gif]
[math.iisc.ac.in/images/lnk-nbhm1.gif]
[math.iisc.ac.in/images/lnk-eprint.gif]
[math.iisc.ac.in/images/lnk-upevents1.gif]
[math.iisc.ac.in/images/lnk-resproj1.gif]
[math.iisc.ac.in/images/lnk-rellinks1.gif]
[math.iisc.ac.in/images/lnk-career1.gif]
[math.iisc.ac.in/images/lnk-conus1.gif]
[math.iisc.ac.in/images/lnk-seminar1.gif]
[math.iisc.ac.in/images/lnk-pastevents1.gif]
[math.iisc.ac.in/images/lnk-iisctifr-home1.gif]
[math.iisc.ac.in/images/title.gif]
[math.iisc.ac.in/images/home-bldg4.jpg]
[math.iisc.ac.in/images/home-joinus.gif]
[math.iisc.ac.in/images/home-phdprog.gif]
[math.iisc.ac.in/images/imgs-toprght.jpg]
[math.iisc.ac.in/images/lnk-intro.gif]
[math.iisc.ac.in/images/lnk-seminar1old.gif]
[math.iisc.ac.in/images/lnk-seminarold.gif]
[math.iisc.ac.in/images/lnk-people.gif]
[math.iisc.ac.in/images/lnk-mathbioo1.gif]
[math.iisc.ac.in/images/lnk-mathbioo.gif]
[math.iisc.ac.in/images/lnk-research.gif]
[math.iisc.ac.in/images/ifcam1.gif]
[math.iisc.ac.in/images/ifcam.gif]
[math.iisc.ac.in/images/lnk-degree.gif]
[math.iisc.ac.in/images/lnk-nmi.gif]
[math.iisc.ac.in/images/lnk-courses.gif]
[math.iisc.ac.in/images/lnk-seminar.gif]
[math.iisc.ac.in/images/lnk-resproj.gif]
[math.iisc.ac.in/images/lnk-matholym.gif]
[math.iisc.ac.in/images/mathlib1.gif]
[math.iisc.ac.in/images/matlib.gif]
[math.iisc.ac.in/images/lnk-rellinks.gif]
[math.iisc.ac.in/images/lnk-nbhm.gif]
[math.iisc.ac.in/images/lnk-conus.gif]
[math.iisc.ac.in/index.html]
[math.iisc.ac.in/scripts/mathdept.css]
[math.iisc.ac.in/image/lnk-events.html]
[math.iisc.ac.in/images/fun-age.gif]
[math.iisc.ac.in/images/lnk-events1.gif]
[math.iisc.ac.in/images/lnk-events.gif]
[math.iisc.ac.in/images/lnk-publicc1.gif]
[math.iisc.ac.in/images/lnk-publi.gif]
[math.iisc.ac.in/images/lnk-pa1.gif]
[math.iisc.ac.in/images/lnk-pa.gif]
[math.iisc.ac.in/images/lnk-imi.gif]
[math.iisc.ac.in/images/lnk-nbhmpanoramaa1.gif]
[math.iisc.ac.in/images/lnk-nbhmpanoramaa.gif]
[math.iisc.ac.in/images/lnk-careeer1.gif]
[math.iisc.ac.in/images/lnk-career.gif]
[math.iisc.ac.in/images/lnk-indo-french1.gif]
[math.iisc.ac.in/images/lnk-indo-french.gif]
[math.iisc.ac.in/images/lnk-preprintss1.gif]
[math.iisc.ac.in/images/lnk-preprintss.gif]
[math.iisc.ac.in/images/funding-dst.jpg]
[math.iisc.ac.in/funding_agen.html]
[math.iisc.ac.in/images/logougc.gif]
[math.iisc.ac.in/webmail/index.html]
[math.iisc.ac.in/images/h-facpos.gif]
[math.iisc.ac.in/fac-pos.html]
[math.iisc.ac.in/images/h-degprog.gif]
[math.iisc.ac.in/degprog.html]
[math.iisc.ac.in/scrollnews.html]
[math.iisc.ac.in/images/h-intro.gif]
[math.iisc.ac.in/intro.html]
[math.iisc.ac.in/images/h-seminars.gif]
[math.iisc.ac.in/seminars2017.html]
[math.iisc.ac.in/images/h-people.gif]
[math.iisc.ac.in/images/h-people-home.gif]
[math.iisc.ac.in/people.html]
[math.iisc.ac.in/_mathbio/images/spacer.gif]
[math.iisc.ac.in/_mathbio/images/logo.jpg]
[math.iisc.ac.in/_mathbio/images/banner.jpg]
[math.iisc.ac.in/_mathbio/index.html]
[math.iisc.ac.in/images/h-research.gif]
[math.iisc.ac.in/images/h-research-areas.gif]
[math.iisc.ac.in/research.html]
[math.iisc.ac.in/_ifcam/images/ifcamimg.gif]
[math.iisc.ac.in/_ifcam/images/logo.jpg]
[math.iisc.ac.in/_ifcam/index.html]
[math.iisc.ac.in/_nmi/lib/jquery.js]
[math.iisc.ac.in/_nmi/lib/jquery.metadata.js]
[math.iisc.ac.in/_nmi/scripts/jquery.validate.js]
[math.iisc.ac.in/_nmi/lib/cmxforms.js]
[math.iisc.ac.in/_nmi/images/lnk-aboutimi1.jpg]
[math.iisc.ac.in/_nmi/images/lnk-seminars1.jpg]
[math.iisc.ac.in/_nmi/images/lnk-thematicprog1.jpg]
[math.iisc.ac.in/_nmi/images/lnk-phdprog1.jpg]
[math.iisc.ac.in/_nmi/images/lnk-requestforpart1.jpg]
[math.iisc.ac.in/_nmi/images/lnk-visitorinfo1.jpg]
[math.iisc.ac.in/_nmi/images/lnk-fundingagencies1.jpg]
[math.iisc.ac.in/_nmi/images/lnk-contact1.jpg]
[math.iisc.ac.in/_nmi/images/icon-home.jpg]
[math.iisc.ac.in/_nmi/images/spacer.gif]
[math.iisc.ac.in/_nmi/images/lnk-aboutimi.jpg]
[math.iisc.ac.in/_nmi/images/lnk-thematicprog.jpg]
[math.iisc.ac.in/_nmi/images/lnk-otherevents1.jpg]
[math.iisc.ac.in/_nmi/images/lnk-otherevents.jpg]
[math.iisc.ac.in/_nmi/images/lnk-phdprog.jpg]
[math.iisc.ac.in/_nmi/images/lnk-requestforpart.jpg]
[math.iisc.ac.in/_nmi/images/lnk-visitorinfo.jpg]
[math.iisc.ac.in/_nmi/images/lnk-fundingagencies.jpg]
[math.iisc.ac.in/_nmi/images/lnk-contact.jpg]
[math.iisc.ac.in/_nmi/images/bannerimg-main.jpg]
[math.iisc.ac.in/_nmi/images/panel-head-currentthematicprog.jpg]
[math.iisc.ac.in/_nmi/images/panel-head-phdininterdisc.jpg]
[math.iisc.ac.in/_nmi/images/panel-bak-div-vert.jpg]
[math.iisc.ac.in/_nmi/images/panel-bot-grad.jpg]
[math.iisc.ac.in/_nmi/images/panel-head-upcomingthematicprog.jpg]
[math.iisc.ac.in/_nmi/images/panel-head-otherevents.jpg]
[math.iisc.ac.in/_nmi/index.html]
[math.iisc.ac.in/_nmi/images/panel-bak-div-horz.jpg]
[math.iisc.ac.in/images/h-courses.gif]
[math.iisc.ac.in/newcourse.html]
[math.iisc.ac.in/ugc-cas/design/fadeslideshow.js]
[math.iisc.ac.in/ugc-cas/design/images/logo.png]
[math.iisc.ac.in/ugc-cas/design/images/ugc_logo.png]
[math.iisc.ac.in/ugc-cas/design/images/latest_event.gif]
[math.iisc.ac.in/ugc-cas/design/index.html]
[math.iisc.ac.in/images/h-majres.gif]
[math.iisc.ac.in/majres.html]
[math.iisc.ac.in/images/div-horz.gif]
[math.iisc.ac.in/images/h-matholym.gif]
[math.iisc.ac.in/matholym-nat.html]
[math.iisc.ac.in/_library/index.html]
[math.iisc.ac.in/_library/No Due Certificate.pdf]
[math.iisc.ac.in/images/h-rellinks.gif]
[math.iisc.ac.in/images/h-rellinks-home.gif]
[math.iisc.ac.in/rellinks.html]
[math.iisc.ac.in/travel.pdf]
[math.iisc.ac.in/images/h-contact.gif]
[math.iisc.ac.in/office_phone.pdf]
[math.iisc.ac.in/conus.html]
[math.iisc.ac.in/images/h-disclaim.gif]
[math.iisc.ac.in/images/lnk-nonlin.gif]
[math.iisc.ac.in/images/lnk-upevents.gif]
[math.iisc.ac.in/disclaimer.html]
[math.iisc.ac.in/index-2.html]
[math.iisc.ac.in/courses.html]
[math.iisc.ac.in/images/lnk-pastevents.gif]
[math.iisc.ac.in/images/h-ugcstudy.gif]
[math.iisc.ac.in/images/lnk-public.gif]
[math.iisc.ac.in/images/lnk-nbhmpanorama1.gif]
[math.iisc.ac.in/images/lnk-trust.gif]
[math.iisc.ac.in/images/lnk-other.gif]
[math.iisc.ac.in/images/lnk-seminars.gif]
[math.iisc.ac.in/seminars.html]
[math.iisc.ac.in/events.html]
[math.iisc.ac.in/matholym.html]
[math.iisc.ac.in/images/h-upevents.gif]
[math.iisc.ac.in/images/h-career.gif]
[math.iisc.ac.in/career.html]
[math.iisc.ac.in/images/lnk-care.gif]
[math.iisc.ac.in/images/h-nbhm.gif]
[math.iisc.ac.in/nbhm.html]
[math.iisc.ac.in/webmail/src/login.html]
[math.iisc.ac.in/seminars2016.html]
[math.iisc.ac.in/nbhm_paper13/nbhmra05.pdf]
[math.iisc.ac.in/nbhm_paper13/nbhmra05ans.pdf]
[math.iisc.ac.in/nbhm_paper13/nbhmra06.pdf]
[math.iisc.ac.in/nbhm_paper13/nbhmra06key.pdf]
[math.iisc.ac.in/nbhm_paper13/nbhmra07_0.pdf]
[math.iisc.ac.in/nbhm_paper13/nbhmra07key.pdf]
[math.iisc.ac.in/nbhm_paper13/nbhmra08_0.pdf]
[math.iisc.ac.in/nbhm_paper13/ra08key.pdf]
[math.iisc.ac.in/nbhm_paper13/nbhmra09.pdf]
[math.iisc.ac.in/nbhm_paper13/nbhmra09key.pdf]
[math.iisc.ac.in/nbhm_paper13/nbhmra10.pdf]
[math.iisc.ac.in/nbhm_paper13/nbhmra10key.pdf]
[math.iisc.ac.in/nbhm_paper13/nbhmra11.pdf]
[math.iisc.ac.in/nbhm_paper13/nbhmra12_pdf_17952.pdf]
[math.iisc.ac.in/nbhm_paper13/nbhmra13.pdf]
[math.iisc.ac.in/nbhm_paper13/nbhmra13key.pdf]
[math.iisc.ac.in/degprog-phd.html]
[math.iisc.ac.in/degprog-intphd.html]
[math.iisc.ac.in/style/chalukyas.html]
[math.iisc.ac.in/downloads/outing-spots.html]
[math.iisc.ac.in/seminars2017/jan20.html]
[math.iisc.ac.in/images/h-people-fac.gif]
[math.iisc.ac.in/images/fac-arvind.jpg]
[math.iisc.ac.in/images/fac-abhishek.jpg]
[math.iisc.ac.in/images/fac-bharali.jpg]
[math.iisc.ac.in/images/fac-tirtha21.jpg]
[math.iisc.ac.in/images/fac_somu.jpg]
[math.iisc.ac.in/images/fac-data.jpg]
[math.iisc.ac.in/images/fac-gadgil.jpg]
[math.iisc.ac.in/images/fac-mkg2010.jpg]
[math.iisc.ac.in/images/fac-Gudi2010.jpg]
[math.iisc.ac.in/images/fac-subhojoy.jpg]
[math.iisc.ac.in/images/fac-skiyer.jpg]
[math.iisc.ac.in/images/fac-manju.jpg]
[math.iisc.ac.in/images/fac-gm.jpg]
[math.iisc.ac.in/images/fac-nandakumaran.jpg]
[math.iisc.ac.in/images/fac-naru1.jpg]
[math.iisc.ac.in/images/fac-patil.jpg]
[math.iisc.ac.in/images/fac-vpp.jpg]
[math.iisc.ac.in/images/fac-rangarajan.jpg]
[math.iisc.ac.in/images/fac-harish1.jpg]
[math.iisc.ac.in/images/pooja.jpg]
[math.iisc.ac.in/images/fac-veluma.jpg]
[math.iisc.ac.in/images/fac-kverma1.jpg]
[math.iisc.ac.in/people-fac.html]
[math.iisc.ac.in/seminars2017/jan18.html]
[math.iisc.ac.in/seminars2017/jan11.html]
[math.iisc.ac.in/seminars2017/jan10.html]
[math.iisc.ac.in/seminars2017/jan09.html]
[math.iisc.ac.in/seminars2017/jan06.html]
[math.iisc.ac.in/seminars2017/jan05.html]
[math.iisc.ac.in/images/fac-unb.jpg]
[math.iisc.ac.in/images/fac-alok2.jpg]
[math.iisc.ac.in/images/fac-phoolanprasad.jpg]
[math.iisc.ac.in/people_emisci.html]
[math.iisc.ac.in/images/spacer.gif]
[math.iisc.ac.in/people_nmidis.html]
[math.iisc.ac.in/images/fac-esha.jpg]
[math.iisc.ac.in/images/stu-surjit1.jpg]
[math.iisc.ac.in/images/stu-sushma.jpg]
[math.iisc.ac.in/people_if.html]
[math.iisc.ac.in/images/h-people-postdoc.gif]
[math.iisc.ac.in/students_images/stu-chan.png]
[math.iisc.ac.in/students_images/stu-dipendu.jpg]
[math.iisc.ac.in/students_images/stu-kalai.jpg]
[math.iisc.ac.in/students_images/stu-km.jpg]
[math.iisc.ac.in/students_images/stu-sathis.jpg]
[math.iisc.ac.in/students_images/stu-sumit.jpg]
[math.iisc.ac.in/people-postdoc.html]
[math.iisc.ac.in/images/h-people-stu.gif]
[math.iisc.ac.in/people-stu.html]
[math.iisc.ac.in/images/h-people-staff.gif]
[math.iisc.ac.in/people-staff.html]
[math.iisc.ac.in/images/h-people-proassociate.gif]
[math.iisc.ac.in/images/h-people-trainee.gif]
[math.iisc.ac.in/people-trainee.html]
[math.iisc.ac.in/students_images/staf-shan.jpg]
[math.iisc.ac.in/_mathbio/images/bak-page.jpg]
[math.iisc.ac.in/_mathbio/styles/style.css]
[math.iisc.ac.in/_mathbio/index-2.html]
[math.iisc.ac.in/_mathbio/visitorsprogramme.html]
[math.iisc.ac.in/_mathbio/images/faculty-nagasuma.jpg]
[math.iisc.ac.in/_mathbio/images/faculty-narendra.jpg]
[math.iisc.ac.in/_mathbio/images/faculty-prabal.jpg]
[math.iisc.ac.in/_mathbio/images/faculty-nandakumaran.jpg]
[math.iisc.ac.in/_mathbio/images/faculty-vijay.jpg]
[math.iisc.ac.in/_mathbio/images/faculty-debnath.jpg]
[math.iisc.ac.in/_mathbio/images/faculty-rahul.jpg]
[math.iisc.ac.in/_mathbio/images/faculty-sowmyendu.jpg]
[math.iisc.ac.in/_mathbio/images/faculty-rangaraj.jpg]
[math.iisc.ac.in/_mathbio/images/faculty-sujit.jpg]
[math.iisc.ac.in/_mathbio/images/faculty-anantha.jpg]
[math.iisc.ac.in/_mathbio/images/faculty-vasu.jpg]
[math.iisc.ac.in/_mathbio/listofassociatedfaculty.html]
[math.iisc.ac.in/_mathbio/seminars.html]
[math.iisc.ac.in/_mathbio/courses.html]
[math.iisc.ac.in/_mathbio/Workshops.html]
[math.iisc.ac.in/_mathbio/book_list.html]
[math.iisc.ac.in/_mathbio/computingfacility.html]
[math.iisc.ac.in/_mathbio/phd-programme.html]
[math.iisc.ac.in/_mathbio/Alumni.html]
[math.iisc.ac.in/_mathbio/images/logo-dst.jpg]
[math.iisc.ac.in/_mathbio/fundingagency.html]
[math.iisc.ac.in/_mathbio/contact.html]
[math.iisc.ac.in/pub1991-2007.html]
[math.iisc.ac.in/_ifcam/images/menu.jpg]
[math.iisc.ac.in/_ifcam/images/footer.jpg]
[math.iisc.ac.in/_ifcam/style.css]
[math.iisc.ac.in/_ifcam/index-2.html]
[math.iisc.ac.in/_ifcam/committee.html]
[math.iisc.ac.in/_ifcam/sponsors.html]
[math.iisc.ac.in/_ifcam/project.html]
[math.iisc.ac.in/_ifcam/Summer.pdf]
[math.iisc.ac.in/_ifcam/events.html]
[math.iisc.ac.in/_ifcam/download.html]
[math.iisc.ac.in/_ifcam/IFCAM_JRP_call_for_proposals_2015.doc]
[math.iisc.ac.in/_ifcam/visitors.html]
[math.iisc.ac.in/_ifcam/contact.html]
[math.iisc.ac.in/_nmi/scripts/imi.css]
[math.iisc.ac.in/_nmi/scripts/screen.css]
[math.iisc.ac.in/_nmi/images/lnk-thematicprog2.html]
[math.iisc.ac.in/_nmi/index-2.html]
[math.iisc.ac.in/_nmi/images/div-horz-header.jpg]
[math.iisc.ac.in/_nmi/images/div-horz-gray.jpg]
[math.iisc.ac.in/_nmi/images/div-vert-links.jpg]
[math.iisc.ac.in/_nmi/aboutimi-overview.html]
[math.iisc.ac.in/_nmi/atp.html]
[math.iisc.ac.in/_nmi/PTA.html]
[math.iisc.ac.in/_nmi/Networks.html]
[math.iisc.ac.in/_nmi/w&cmb.html]
[math.iisc.ac.in/_nmi/atp-0910.html]
[math.iisc.ac.in/_nmi/atp-0809.html]
[math.iisc.ac.in/_nmi/atp-0708.html]
[math.iisc.ac.in/_nmi/atp-0607.html]
[math.iisc.ac.in/_nmi/atp-0506.html]
[math.iisc.ac.in/_nmi/atp-0405.html]
[math.iisc.ac.in/_nmi/PTAOrgCom.html]
[math.iisc.ac.in/_nmi/MFWS.html]
[math.iisc.ac.in/_nmi/downloads/PS_LTWS.pdf]
[math.iisc.ac.in/_nmi/downloads/LTWS_Abstract.pdf]
[math.iisc.ac.in/_nmi/LTPWS.html]
[math.iisc.ac.in/_nmi/downloads/PS_LTConf.pdf]
[math.iisc.ac.in/_nmi/downloads/LTP_conf_abstract.pdf]
[math.iisc.ac.in/_nmi/LTPConf.html]
[math.iisc.ac.in/_nmi/downloads/SPE_2013.pdf]
[math.iisc.ac.in/_nmi/downloads/Info.pdf]
[math.iisc.ac.in/_nmi/SPEWS.html]
[math.iisc.ac.in/_nmi/atp-1213_Seminar.html]
[math.iisc.ac.in/_nmi/INSWS.html]
[math.iisc.ac.in/_nmi/NSFWS.html]
[math.iisc.ac.in/_nmi/AMNSWS.html]
[math.iisc.ac.in/_nmi/downloads/SNWSSelected_Participants.pdf]
[math.iisc.ac.in/_nmi/SNWS.html]
[math.iisc.ac.in/_nmi/downloads/NBSSEWS_Local_Participants.pdf]
[math.iisc.ac.in/_nmi/downloads/NBSSEWS_Outstation_Participants.pdf]
[math.iisc.ac.in/_nmi/downloads/PS_NBSSEWS.pdf]
[math.iisc.ac.in/_nmi/NBSSEWS.html]
[math.iisc.ac.in/_nmi/downloads/NBSSEConf_Local_Participants.pdf]
[math.iisc.ac.in/_nmi/downloads/NBSSEConf_Outstation_Participants.pdf]
[math.iisc.ac.in/_nmi/NBSSEConf.html]
[math.iisc.ac.in/_nmi/downloads/PS_NBSSEConf.pdf]
[math.iisc.ac.in/_nmi/math-biorequestforparticipation.html]
[math.iisc.ac.in/_nmi/QGGAWS.html]
[math.iisc.ac.in/_nmi/MIDWS.html]
[math.iisc.ac.in/_nmi/MDDWS.html]
[math.iisc.ac.in/_nmi/downloads/MEWS-PS.pdf]
[math.iisc.ac.in/_nmi/downloads/SelectedParticipantList.pdf]
[math.iisc.ac.in/_nmi/MEWS.html]
[math.iisc.ac.in/_nmi/downloads/PS-PSFFWS.pdf]
[math.iisc.ac.in/_nmi/PSFFWS.html]
[math.iisc.ac.in/_nmi/downloads/PS_MTLS.pdf]
[math.iisc.ac.in/_nmi/MTLSWS.html]
[math.iisc.ac.in/_nmi/downloads/MPWS_PS.pdf]
[math.iisc.ac.in/_nmi/downloads/MPWS_Selected_Participants.pdf]
[math.iisc.ac.in/_nmi/MPWS.html]
[math.iisc.ac.in/_nmi/SBMEEWS.html]
[math.iisc.ac.in/_nmi/downloads/MBConf_Pgm_Schedule.pdf]
[math.iisc.ac.in/_nmi/downloads/Participants List on Web.pdf]
[math.iisc.ac.in/_nmi/MBConf.html]
[math.iisc.ac.in/_nmi/downloads/Mini_Programme_Schedule.pdf]
[math.iisc.ac.in/_nmi/MiniSymp.html]
[math.iisc.ac.in/_nmi/Compact_Course_Arni.html]
[math.iisc.ac.in/_nmi/atp0910-orgcommittee.html]
[math.iisc.ac.in/_nmi/atp-requestforparticipation1011.html]
[math.iisc.ac.in/_nmi/atp-0910 Compact Courses.html]
[math.iisc.ac.in/_nmi/downloads/Topics.pdf]
[math.iisc.ac.in/_nmi/downloads/PS PDE workshop.pdf]
[math.iisc.ac.in/_nmi/atp-0910-workshop-pde.html]
[math.iisc.ac.in/_nmi/downloads/PS-CIP1.pdf]
[math.iisc.ac.in/_nmi/downloads/List of Students.pdf]
[math.iisc.ac.in/_nmi/atp-0910-workshop-cip.html]
[math.iisc.ac.in/_nmi/downloads/PS - Conference.pdf]
[math.iisc.ac.in/_nmi/downloads/List of Participants for the conference.pdf]
[math.iisc.ac.in/_nmi/atp-0910-conference-cip.html]
[math.iisc.ac.in/_nmi/downloads/PS-MS workshop .pdf]
[math.iisc.ac.in/_nmi/downloads/Website List .pdf]
[math.iisc.ac.in/_nmi/atp-1011-Workshop.html]
[math.iisc.ac.in/_nmi/downloads/WebsiteList Conference.pdf]
[math.iisc.ac.in/_nmi/atp-1011-conference.html]
[math.iisc.ac.in/_nmi/atp-0809-orgcommittee.html]
[math.iisc.ac.in/_nmi/atp-0809-compactcourses.html]
[math.iisc.ac.in/_nmi/downloads/PS-PDE workshop.pdf]
[math.iisc.ac.in/_nmi/downloads/Participants.pdf]
[math.iisc.ac.in/_nmi/atp-0809-workshop-harmonic.html]
[math.iisc.ac.in/_nmi/atp-0809-workshop-analysisapplications.html]
[math.iisc.ac.in/_nmi/atp-0809-conferenceanalysis.html]
[math.iisc.ac.in/_nmi/atp-0809-visitors.html]
[math.iisc.ac.in/_nmi/atp-0809-deadlines.html]
[math.iisc.ac.in/_nmi/atp-0708-orgcommittee.html]
[math.iisc.ac.in/_nmi/downloads/Lecture1.pdf]
[math.iisc.ac.in/_nmi/downloads/Lecture2.pdf]
[math.iisc.ac.in/_nmi/downloads/Lecture3.pdf]
[math.iisc.ac.in/_nmi/downloads/Lecture4.pdf]
[math.iisc.ac.in/_nmi/atp-0708-compactcourses.html]
[math.iisc.ac.in/_nmi/downloads/atp-ds-PS-DS.pdf]
[math.iisc.ac.in/_nmi/atp-0708-ds.html]
[math.iisc.ac.in/_nmi/downloads/PS-Turb.pdf]
[math.iisc.ac.in/_nmi/atp-0708-turbulence.html]
[math.iisc.ac.in/_nmi/downloads/PS-IS.pdf]
[math.iisc.ac.in/_nmi/atp-0708-IS.html]
[math.iisc.ac.in/_nmi/downloads/NEE-PS.pdf]
[math.iisc.ac.in/_nmi/downloads/NEE-participants.pdf]
[math.iisc.ac.in/_nmi/atp-0708-symp-NEE.html]
[math.iisc.ac.in/_nmi/atp-0708-SERC-school.html]
[math.iisc.ac.in/_nmi/atp-0708-conf-NDST.html]
[math.iisc.ac.in/_nmi/atp-0708-deadlines.html]
[math.iisc.ac.in/_nmi/otherevents-seminars-past.html]
[math.iisc.ac.in/_nmi/atp-compact0708.html]
[math.iisc.ac.in/_nmi/atp-0607-orgcommittee.html]
[math.iisc.ac.in/_nmi/downloads/Ram1.pdf]
[math.iisc.ac.in/_nmi/atp-0607-WLS.html]
[math.iisc.ac.in/_nmi/downloads/atp-com1620.pdf]
[math.iisc.ac.in/_nmi/downloads/Prof.Borkar.pdf]
[math.iisc.ac.in/_nmi/atp-0607-compactcourses.html]
[math.iisc.ac.in/_nmi/downloads/atp-QF-timetable.pdf]
[math.iisc.ac.in/_nmi/atp-0607-QF.html]
[math.iisc.ac.in/_nmi/atp-0607-MAN.html]
[math.iisc.ac.in/_nmi/atp-0607-conf.html]
[math.iisc.ac.in/_nmi/atp-0607-WCN.html]
[math.iisc.ac.in/_nmi/atp-0607-deadlines.html]
[math.iisc.ac.in/_nmi/atp-compact0607.html]
[math.iisc.ac.in/_nmi/atp-0506-orgcommittee.html]
[math.iisc.ac.in/_nmi/atp-0506-compactcourses.html]
[math.iisc.ac.in/_nmi/downloads/symposium_05_PS.pdf]
[math.iisc.ac.in/_nmi/atp-0506-symp.html]
[math.iisc.ac.in/_nmi/Indo2005/index.html]
[math.iisc.ac.in/_nmi/downloads/numbertheory-PS.pdf]
[math.iisc.ac.in/_nmi/atp-0506-numbertheory.html]
[math.iisc.ac.in/_nmi/atp-0506-conf.html]
[math.iisc.ac.in/_nmi/atp-0506-deadlines.html]
[math.iisc.ac.in/_nmi/atp-0405-orgcommittee.html]
[math.iisc.ac.in/_nmi/atp-0405-w1.html]
[math.iisc.ac.in/_nmi/atp-0405-indo.html]
[math.iisc.ac.in/_nmi/downloads/atp-0405-w2-PS.pdf]
[math.iisc.ac.in/_nmi/atp-0405-w2.html]
[math.iisc.ac.in/_nmi/downloads/atp-0405-conf-PS.pdf]
[math.iisc.ac.in/_nmi/atp-0405-conf.html]
[math.iisc.ac.in/_nmi/atp-0405-deadlines.html]
[math.iisc.ac.in/_nmi/MFWSConvener.html]
[math.iisc.ac.in/_nmi/MFWSInvitedSpeakers.html]
[math.iisc.ac.in/_nmi/MFWSOrganizing Committee.html]
[math.iisc.ac.in/_nmi/MFWSVenue.html]
[math.iisc.ac.in/_nmi/MFWSdeadline.html]
[math.iisc.ac.in/_nmi/LTPWSConvener.html]
[math.iisc.ac.in/_nmi/LTPWSInvitedSpeakers.html]
[math.iisc.ac.in/_nmi/LTPWSVenue.html]
[math.iisc.ac.in/_nmi/LTPWSdeadline.html]
[math.iisc.ac.in/_nmi/downloads/LimitTheoremsFinitelyAdditiveProbability3.pdf]
[math.iisc.ac.in/_nmi/downloads/LimitTheoremsFinitelyAdditiveProbability4.pdf]
[math.iisc.ac.in/_nmi/downloads/Schweinsberg.pdf]
[math.iisc.ac.in/_nmi/downloads/Dembo_b1.pdf]
[math.iisc.ac.in/_nmi/downloads/Dembo_b2.pdf]
[math.iisc.ac.in/_nmi/downloads/Dembo_b3.pdf]
[math.iisc.ac.in/_nmi/LTPWS_Lecture.html]
[math.iisc.ac.in/_nmi/LTPConfConvener.html]
[math.iisc.ac.in/_nmi/LTPConfInvitedSpeakers.html]
[math.iisc.ac.in/_nmi/LTPConfVenue.html]
[math.iisc.ac.in/_nmi/LTPConfdeadline.html]
[math.iisc.ac.in/_nmi/downloads/Athreya_Coslescence in Galton-Watson Trees.pdf]
[math.iisc.ac.in/_nmi/downloads/Ayyer - JDT.pdf]
[math.iisc.ac.in/_nmi/downloads/Bandyopadhyay_Antar.pdf]
[math.iisc.ac.in/_nmi/downloads/Bhamidi_Limit-thm-talk.pdf]
[math.iisc.ac.in/_nmi/downloads/Chakrabarty.pdf]
[math.iisc.ac.in/_nmi/downloads/Chatterjee_gossip process IISC.pdf]
[math.iisc.ac.in/_nmi/downloads/Dembo_bangalore_100113.pdf]
[math.iisc.ac.in/_nmi/downloads/Yogeshwaran.pdf]
[math.iisc.ac.in/_nmi/downloads/rgg_sl.ppt]
[math.iisc.ac.in/_nmi/downloads/kannan_conf.pdf]
[math.iisc.ac.in/_nmi/downloads/Ledoux.pdf]
[math.iisc.ac.in/_nmi/downloads/Madiman_imi13-ppt.pdf]
[math.iisc.ac.in/_nmi/downloads/Ramsubramanian_IISc-Jan2013.pdf]
[math.iisc.ac.in/_nmi/downloads/Samorodnitsky_connected45.pdf]
[math.iisc.ac.in/_nmi/downloads/Sen_talk_toep.pdf]
[math.iisc.ac.in/_nmi/LTPConf_Lecture.html]
[math.iisc.ac.in/_nmi/SPEWSConvener.html]
[math.iisc.ac.in/_nmi/SPEWSInvitedSpeakers.html]
[math.iisc.ac.in/_nmi/SPEWSVenue.html]
[math.iisc.ac.in/_nmi/SPEWSdeadline.html]
[math.iisc.ac.in/_nmi/atp-1213_soumikpal.html]
[math.iisc.ac.in/_nmi/INSWSOrgCom.html]
[math.iisc.ac.in/_nmi/INSWSResourcePersons.html]
[math.iisc.ac.in/_nmi/INSWSVenue.html]
[math.iisc.ac.in/_nmi/INSWSdeadline.html]
[math.iisc.ac.in/_nmi/NSFWSOrgCom.html]
[math.iisc.ac.in/_nmi/NSFWSResourcePersons.html]
[math.iisc.ac.in/_nmi/NSFWSVenue.html]
[math.iisc.ac.in/_nmi/NSFWSdeadline.html]
[math.iisc.ac.in/_nmi/downloads/NSFWS_PS.html]
[math.iisc.ac.in/_nmi/AMNSWSOrgCom.html]
[math.iisc.ac.in/_nmi/AMNSWSVenue.html]
[math.iisc.ac.in/_nmi/SNWSOrgCom.html]
[math.iisc.ac.in/_nmi/SNWSResourcePersons.html]
[math.iisc.ac.in/_nmi/SNWSVenue.html]
[math.iisc.ac.in/_nmi/SNWSdeadline.html]
[math.iisc.ac.in/_nmi/NBSSEWSOrgCom.html]
[math.iisc.ac.in/_nmi/NBSSEWSResourcePersons.html]
[math.iisc.ac.in/_nmi/NBSSEWSVenue.html]
[math.iisc.ac.in/_nmi/NBSSEWSdeadline.html]
[math.iisc.ac.in/_nmi/downloads/NBSSE/Noshir Contractor/Lecture 01.pdf]
[math.iisc.ac.in/_nmi/downloads/NBSSE/Noshir Contractor/Lecture 02.pdf]
[math.iisc.ac.in/_nmi/downloads/NBSSE/Noshir Contractor/Lecture 03.pdf]
[math.iisc.ac.in/_nmi/downloads/NBSSE/Noshir Contractor/Lecture 04.pdf]
[math.iisc.ac.in/_nmi/downloads/NBSSE/Noshir Contractor/Lecture 05.pdf]
[math.iisc.ac.in/_nmi/downloads/NBSSE/Noshir Contractor/Lecture 06.pdf]
[math.iisc.ac.in/_nmi/downloads/NBSSE/Noshir Contractor/Lecture 07.pdf]
[math.iisc.ac.in/_nmi/downloads/NBSSE/DevdattDubhashi/Lecture 01.pdf]
[math.iisc.ac.in/_nmi/downloads/NBSSE/DevdattDubhashi/Lecture 02.pdf]
[math.iisc.ac.in/_nmi/downloads/NBSSE/DevdattDubhashi/Lecture 03.pdf]
[math.iisc.ac.in/_nmi/downloads/NBSSE/Sanjeev Goyal/Lecture 01.pdf]
[math.iisc.ac.in/_nmi/downloads/NBSSE/Sanjeev Goyal/Lecture 02.pdf]
[math.iisc.ac.in/_nmi/downloads/NBSSE/Sanjeev Goyal/Lecture 03.pdf]
[math.iisc.ac.in/_nmi/downloads/NBSSE/Somdatta Sinha/SSinha.pdf]
[math.iisc.ac.in/_nmi/NBSSEWSLectures.html]
[math.iisc.ac.in/_nmi/NBSSEConfOrgCom.html]
[math.iisc.ac.in/_nmi/NBSSEConfResourcePersons.html]
[math.iisc.ac.in/_nmi/NBSSEConfVenue.html]
[math.iisc.ac.in/_nmi/NBSSEConfdeadline.html]
[math.iisc.ac.in/_nmi/QGGAWSOrgCom.html]
[math.iisc.ac.in/_nmi/QGGAWSResourcePersons.html]
[math.iisc.ac.in/_nmi/QGGAWSdeadlines.html]
[math.iisc.ac.in/_nmi/QGGAWSVenue.html]
[math.iisc.ac.in/_nmi/MIDWSOrgCom.html]
[math.iisc.ac.in/_nmi/MIDWSResourcePersons.html]
[math.iisc.ac.in/_nmi/MIDWSdeadlines.html]
[math.iisc.ac.in/_nmi/MIDWSVenue.html]
[math.iisc.ac.in/_nmi/MDDWSOrgCom.html]
[math.iisc.ac.in/_nmi/MDDWSResourcePersons.html]
[math.iisc.ac.in/_nmi/MDDWSdeadlines.html]
[math.iisc.ac.in/_nmi/MDDWSVenue.html]
[math.iisc.ac.in/_nmi/MEWSOrgCom.html]
[math.iisc.ac.in/_nmi/MEWSResourcePersons.html]
[math.iisc.ac.in/_nmi/MEWSdeadlines.html]
[math.iisc.ac.in/_nmi/MEWSVenue.html]
[math.iisc.ac.in/_nmi/PSFFWSOrgCom.html]
[math.iisc.ac.in/_nmi/PSFFWSResourcePersons.html]
[math.iisc.ac.in/_nmi/PSFFWSdeadlines.html]
[math.iisc.ac.in/_nmi/PSFFWSVenue.html]
[math.iisc.ac.in/_nmi/MTLSWSOrgCom.html]
[math.iisc.ac.in/_nmi/MTLSWSResourcePersons.html]
[math.iisc.ac.in/_nmi/MTLSWSdeadlines.html]
[math.iisc.ac.in/_nmi/MTLSWSVenue.html]
[math.iisc.ac.in/_nmi/downloads/MTLSWSnotice.html]
[math.iisc.ac.in/_nmi/MPWSOrgCom.html]
[math.iisc.ac.in/_nmi/MPWSResourcePersons.html]
[math.iisc.ac.in/_nmi/MPWSdeadlines.html]
[math.iisc.ac.in/_nmi/MPWSVenue.html]
[math.iisc.ac.in/_nmi/SBMEEWSOrgCom.html]
[math.iisc.ac.in/_nmi/SBMEEWSResourcePersons.html]
[math.iisc.ac.in/_nmi/downloads/Selected_Participants_ List.html]
[math.iisc.ac.in/_nmi/SBMEEWSdeadlines.html]
[math.iisc.ac.in/_nmi/SBMEEWSVenue.html]
[math.iisc.ac.in/_nmi/MBConfOrgCom.html]
[math.iisc.ac.in/_nmi/MBConfResourcePersons.html]
[math.iisc.ac.in/_nmi/MBConfdeadlines.html]
[math.iisc.ac.in/_nmi/MBConfVenue.html]
[math.iisc.ac.in/_nmi/MiniSympParticipants.html]
[math.iisc.ac.in/_nmi/MiniSympVenue.html]
[math.iisc.ac.in/_nmi/atp-0910 CC Rakesh.html]
[math.iisc.ac.in/_nmi/atp-0910 CC Patrick.html]
[math.iisc.ac.in/_nmi/atp-0910 CC Peter.html]
[math.iisc.ac.in/_nmi/atp-0910CC-Augusto.html]
[math.iisc.ac.in/_nmi/atp-1011CC-Neela N.html]
[math.iisc.ac.in/_nmi/atp-0910-resource1.html]
[math.iisc.ac.in/_nmi/atp-0910-deadlines.html]
[math.iisc.ac.in/_nmi/atp-0910-resourcecip.html]
[math.iisc.ac.in/_nmi/atp-0910-deadlinesCIP.html]
[math.iisc.ac.in/_nmi/atp-0910Venue-cip.html]
[math.iisc.ac.in/_nmi/atp-0910-Conf-resourcecip.html]
[math.iisc.ac.in/_nmi/atp-0910Conf-Venue-cip.html]
[math.iisc.ac.in/_nmi/atp-1011-workshop-resource.html]
[math.iisc.ac.in/_nmi/atp-1011-deadlines.html]
[math.iisc.ac.in/_nmi/atp-1011 Workshop-Venue.html]
[math.iisc.ac.in/_nmi/atp-1011-Conf-resource.html]
[math.iisc.ac.in/_nmi/atp-1011Conf-Venue.html]
[math.iisc.ac.in/_nmi/atp-0809-compactcourses-application.html]
[math.iisc.ac.in/_nmi/atp-0809-compactcourses-kangtaekim.html]
[math.iisc.ac.in/_nmi/atp-0809-compactcourses-markagranovsky.html]
[math.iisc.ac.in/_nmi/atp-0809-compactcourses-alanmcintosh.html]
[math.iisc.ac.in/_nmi/atp-0809-compactcourses-rasulshafikov.html]
[math.iisc.ac.in/_nmi/downloads/Garth Dales.pdf]
[math.iisc.ac.in/_nmi/downloads/PS Compact Course.pdf]
[math.iisc.ac.in/_nmi/downloads/Garth Dales Notes.pdf]
[math.iisc.ac.in/_nmi/atp-0809-compactcourses-garthdales.html]
[math.iisc.ac.in/_nmi/downloads/abt-O'Farrell.pdf]
[math.iisc.ac.in/_nmi/atp-0809-compactcourses-anthonyofarrell.html]
[math.iisc.ac.in/_nmi/atp-0809-compactcourses-sgindikin.html]
[math.iisc.ac.in/_nmi/downloads/NSibony_abstract.pdf]
[math.iisc.ac.in/_nmi/atp-0809-compactcourses-nessimsibony.html]
[math.iisc.ac.in/_nmi/atp-0809-compactcourses-alexandervisaev.html]
[math.iisc.ac.in/_nmi/downloads/ZBlocki_abstract.pdf]
[math.iisc.ac.in/_nmi/atp-0809-compactcourses-zbigniewblocki.html]
[math.iisc.ac.in/_nmi/atp-0809-compactcourses-nikolayshcherbina.html]
[math.iisc.ac.in/_nmi/downloads/bangabs.pdf]
[math.iisc.ac.in/_nmi/atp-0809-compactcourses-csrajan.html]
[math.iisc.ac.in/_nmi/atp-0809-workshop-harmonic-resource.html]
[math.iisc.ac.in/_nmi/venue.html]
[math.iisc.ac.in/_nmi/atp-0809-workshop-analysisapplications-resource.html]
[math.iisc.ac.in/_nmi/atp-0809-workshop-analysisapplications-venue.html]
[math.iisc.ac.in/_nmi/atp-0809-conferenceanalysis-resource.html]
[math.iisc.ac.in/_nmi/atp-0809-conferenceanalysis-venue.html]
[math.iisc.ac.in/_nmi/atp-0708-compactcourses-holmes.html]
[math.iisc.ac.in/_nmi/atp-0708-compactcourses-divakar.html]
[math.iisc.ac.in/_nmi/atp-0708-compactcourses-menon.html]
[math.iisc.ac.in/_nmi/atp-0708-ds-resourcepersons.html]
[math.iisc.ac.in/_nmi/atp-0708-ds-venue.html]
[math.iisc.ac.in/_nmi/atp-0708-turbulence-resourcepersons.html]
[math.iisc.ac.in/_nmi/atp-0708-turbulence-venue.html]
[math.iisc.ac.in/_nmi/downloads/Belur-Halebeedu.html]
[math.iisc.ac.in/_nmi/atp-0708-IS-resourcepersons.html]
[math.iisc.ac.in/_nmi/atp-0708-IS-venue.html]
[math.iisc.ac.in/_nmi/atp-0708-symp-NEE-resourcepersons.html]
[math.iisc.ac.in/_nmi/atp-0708-symp-NEE-venue.html]
[math.iisc.ac.in/_nmi/atp-0708-SERC-school-committee.html]
[math.iisc.ac.in/_nmi/atp-0708-SERC-school-invitedspeakers.html]
[math.iisc.ac.in/_nmi/atp-0708-SERC-school-venue.html]
[math.iisc.ac.in/_nmi/atp-0708-conf-NDST-invitedspeakers.html]
[math.iisc.ac.in/_nmi/atp-0708-conf-NDST-ps.html]
[math.iisc.ac.in/_nmi/atp-0708-conf-NDST-venue.html]
[math.iisc.ac.in/_nmi/images/head-semin.gif]
[math.iisc.ac.in/_nmi/colloq/samarbahadur.html]
[math.iisc.ac.in/_nmi/colloq/ravi-prasad.html]
[math.iisc.ac.in/_nmi/seminars-11- Wolf Singer.html]
[math.iisc.ac.in/_nmi/seminars-10- Uriel.html]
[math.iisc.ac.in/_nmi/seminars-09-HDM5.html]
[math.iisc.ac.in/_nmi/seminars-09-HDM6.html]
[math.iisc.ac.in/_nmi/downloads/Prof.Stroock.pdf]
[math.iisc.ac.in/_nmi/seminars-09-DWS.html]
[math.iisc.ac.in/_nmi/seminars-09-Hans.html]
[math.iisc.ac.in/_nmi/seminars-09-Mainardi.html]
[math.iisc.ac.in/_nmi/seminars-09-Roger.html]
[math.iisc.ac.in/_nmi/seminars-08-KRP2.html]
[math.iisc.ac.in/_nmi/seminars-08-GPisier.html]
[math.iisc.ac.in/_nmi/seminars-08-KRP1.html]
[math.iisc.ac.in/_nmi/seminars-08-Demailly.html]
[math.iisc.ac.in/_nmi/seminars-08-Ali.html]
[math.iisc.ac.in/_nmi/seminars-08-MT.html]
[math.iisc.ac.in/_nmi/seminars/sarika.html]
[math.iisc.ac.in/_nmi/seminars/karandikar.html]
[math.iisc.ac.in/_nmi/seminars/hemachandra.html]
[math.iisc.ac.in/_nmi/seminars/athreya.html]
[math.iisc.ac.in/_nmi/seminars/alpan.html]
[math.iisc.ac.in/_nmi/seminars/david.html]
[math.iisc.ac.in/_nmi/seminars/divakar.html]
[math.iisc.ac.in/_nmi/seminars/mayil.html]
[math.iisc.ac.in/_nmi/seminars/sem-kembh.html]
[math.iisc.ac.in/_nmi/seminars/sem-kurths.html]
[math.iisc.ac.in/_nmi/seminars/sem-thanga.html]
[math.iisc.ac.in/_nmi/seminars/abs-sem-deepak1.html]
[math.iisc.ac.in/_nmi/seminars/abs-sem-athreya.html]
[math.iisc.ac.in/_nmi/seminars/abs-sem-raha.html]
[math.iisc.ac.in/_nmi/seminars/abs-sem-banavar3.html]
[math.iisc.ac.in/_nmi/seminars.html]
[math.iisc.ac.in/_nmi/seminars/abs-sem-Karandikar2.html]
[math.iisc.ac.in/_nmi/seminars/abs-sem-Karandikar1.html]
[math.iisc.ac.in/_nmi/seminars/abs-sem-Iooss.html]
[math.iisc.ac.in/_nmi/seminars/abs-sem-Ramarathnam1.html]
[math.iisc.ac.in/_nmi/seminars/abs-sem-Ramarathnam2.html]
[math.iisc.ac.in/_nmi/seminars/abs-sem-raghavan2.html]
[math.iisc.ac.in/_nmi/seminars/abs-sem-raghavan1.html]
[math.iisc.ac.in/_nmi/seminars/abs-sem-banavar.html]
[math.iisc.ac.in/_nmi/seminars/abs-sem-lawton.html]
[math.iisc.ac.in/_nmi/seminars/abs-sem-schulz3.html]
[math.iisc.ac.in/_nmi/seminars/abs-sem-schulz2.html]
[math.iisc.ac.in/_nmi/seminars/abs-sem-schulz1.html]
[math.iisc.ac.in/_nmi/seminars/abs-sem-meyer.html]
[math.iisc.ac.in/_nmi/seminars/abs-sem-iyer.html]
[math.iisc.ac.in/_nmi/seminars/abs-sem-sridhara.html]
[math.iisc.ac.in/_nmi/seminars/abs-sem-frisch.html]
[math.iisc.ac.in/_nmi/atp-0607-compactcourses-rajeev.html]
[math.iisc.ac.in/_nmi/atp-0607-compactcourses-sureshkumar.html]
[math.iisc.ac.in/_nmi/atp-0607-compactcourses-oksendal.html]
[math.iisc.ac.in/_nmi/atp-0607-compactcourses-hanson.html]
[math.iisc.ac.in/_nmi/atp-0607-compactcourses-maulik.html]
[math.iisc.ac.in/_nmi/atp-0607-QF-convener.html]
[math.iisc.ac.in/_nmi/atp-0607-QF-resourcepersons.html]
[math.iisc.ac.in/_nmi/atp-0607-QF-fundingagency.html]
[math.iisc.ac.in/_nmi/downloads/rlkarandikar.pdf]
[math.iisc.ac.in/_nmi/downloads/basu.pdf]
[math.iisc.ac.in/_nmi/downloads/skilec1.pdf]
[math.iisc.ac.in/_nmi/downloads/skilec2.pdf]
[math.iisc.ac.in/_nmi/downloads/skilec3.pdf]
[math.iisc.ac.in/_nmi/atp-0607-QF-lecturenotes.html]
[math.iisc.ac.in/_nmi/atp-0607-QF-venue.html]
[math.iisc.ac.in/_nmi/atp-0607-MAN-conveners.html]
[math.iisc.ac.in/_nmi/atp-0607-MAN-invitedspeakers.html]
[math.iisc.ac.in/_nmi/MAN-PS.html]
[math.iisc.ac.in/_nmi/atp-0607-MAN-fundingagency.html]
[math.iisc.ac.in/_nmi/atp-0607-MAN-lecturenotes.html]
[math.iisc.ac.in/_nmi/atp-0607-MAN-venue.html]
[math.iisc.ac.in/_nmi/atp-deadlines06707.html]
[math.iisc.ac.in/_nmi/atp-conf0607-conveners.html]
[math.iisc.ac.in/_nmi/atp-0607-conf-committee.html]
[math.iisc.ac.in/_nmi/atp-0607-conf-invitedspeakers.html]
[math.iisc.ac.in/_nmi/atp-0607-conf-PS.html]
[math.iisc.ac.in/_nmi/atp-0607-conf-fundingagency.html]
[math.iisc.ac.in/_nmi/atp-0607-conf-lecturenotes.html]
[math.iisc.ac.in/_nmi/atp-0607-conf-venue.html]
[math.iisc.ac.in/_nmi/atp-0607-WCN-convener.html]
[math.iisc.ac.in/_nmi/atp-0607-WCN-invitedspeakers.html]
[math.iisc.ac.in/_nmi/WCN-PS.html]
[math.iisc.ac.in/_nmi/atp-0607-WCN-fundingagency.html]
[math.iisc.ac.in/_nmi/atp-0607-WCN-lecturenotes.html]
[math.iisc.ac.in/_nmi/atp-0607-WCN-venue.html]
[math.iisc.ac.in/_nmi/atp-0506-compactcourses-algebraicnumber.html]
[math.iisc.ac.in/_nmi/atp-0506-compactcourses-algebraictheory.html]
[math.iisc.ac.in/_nmi/atp-0506-compactcourses-integralquadratic.html]
[math.iisc.ac.in/_nmi/atp-0506-compactcourses-isoperimetric.html]
[math.iisc.ac.in/_nmi/atp-0506-compactcourses-algorithms.html]
[math.iisc.ac.in/_nmi/atp-0708-symp-committee.html]
[math.iisc.ac.in/_nmi/atp-0506-symp-resourcepersons.html]
[math.iisc.ac.in/_nmi/atp-0506-symp-venue.html]
[math.iisc.ac.in/_nmi/atp-0708-symp-cosponsors.html]
[math.iisc.ac.in/_nmi/atp-0506-symp-coorganisors.html]
[math.iisc.ac.in/_nmi/downloads/GoldenCode.pdf]
[math.iisc.ac.in/_nmi/downloads/AMSTC.pdf]
[math.iisc.ac.in/_nmi/downloads/BU.pdf]
[math.iisc.ac.in/_nmi/downloads/MIMO_Channels.ppt]
[math.iisc.ac.in/_nmi/downloads/RaptorCodes.ppt]
[math.iisc.ac.in/_nmi/atp-0708-symp-lecturenotes.html]
[math.iisc.ac.in/_nmi/atp-0506-numbertheory-resourcepersons.html]
[math.iisc.ac.in/_nmi/downloads/RBC.pdf]
[math.iisc.ac.in/_nmi/downloads/0.ARA.pdf]
[math.iisc.ac.in/_nmi/downloads/0.DPR.pdf]
[math.iisc.ac.in/_nmi/downloads/0.ENRM.pdf]
[math.iisc.ac.in/_nmi/downloads/1.AFR.pdf]
[math.iisc.ac.in/_nmi/downloads/1.BPID.pdf]
[math.iisc.ac.in/_nmi/downloads/2.AFE.pdf]
[math.iisc.ac.in/_nmi/downloads/2.BSF.pdf]
[math.iisc.ac.in/_nmi/downloads/2.CAFF.pdf]
[math.iisc.ac.in/_nmi/downloads/3.ANE.pdf]
[math.iisc.ac.in/_nmi/downloads/3.BSPSE.pdf]
[math.iisc.ac.in/_nmi/downloads/3.EFF.pdf]
[math.iisc.ac.in/_nmi/downloads/AANT.pdf]
[math.iisc.ac.in/_nmi/downloads/IC.pdf]
[math.iisc.ac.in/_nmi/atp-0506-numbertheory-lecturenotes.html]
[math.iisc.ac.in/_nmi/atp-0506-numbertheory-venue.html]
[math.iisc.ac.in/_nmi/atp-0506-conf-committee.html]
[math.iisc.ac.in/_nmi/atp-0506-conf-paper.html]
[math.iisc.ac.in/_nmi/atp-0506-conf-invitedspeakers.html]
[math.iisc.ac.in/_nmi/downloads/conf0506-PS.html]
[math.iisc.ac.in/_nmi/atp-0506-conf-venue.html]
[math.iisc.ac.in/_nmi/atp-0405-w1-resourcepersons.html]
[math.iisc.ac.in/_nmi/atp-0405-w1-progsched.html]
[math.iisc.ac.in/_nmi/atp-0405-w1-venue.html]
[math.iisc.ac.in/_nmi/atp-0405-indo-committee.html]
[math.iisc.ac.in/_nmi/atp-0405-indo-speakers.html]
[math.iisc.ac.in/_nmi/atp-0405-indo-sponsors.html]
[math.iisc.ac.in/_nmi/atp-0405-indo-venue.html]
[math.iisc.ac.in/_nmi/atp-0405-w2-resourcepersons.html]
[math.iisc.ac.in/_nmi/atp-0405-w2-venue.html]
[math.iisc.ac.in/_nmi/atp-0405-conf-invitedtalks.html]
[math.iisc.ac.in/_nmi/atp-0405-conf-venue.html]
[math.iisc.ac.in/_nmi/atp-0405-conf-paper.html]
[math.iisc.ac.in/_nmi/LTPConflecture.html]
[math.iisc.ac.in/_nmi/_a href=.html]
[math.iisc.ac.in/_nmi/atp-requestforparticipationCIP.html]
[math.iisc.ac.in/_nmi/MNSWS.html]
[math.iisc.ac.in/_nmi/NSBWS.html]
[math.iisc.ac.in/_nmi/NSBEEWS.html]
[math.iisc.ac.in/_nmi/atp-1011-deadlines-2.html]
[math.iisc.ac.in/_nmi/atp-1011Conf-Venue-2.html]
[math.iisc.ac.in/_nmi/atp-0809-workshop-harmonic-venue.html]
[math.iisc.ac.in/_nmi/atp-0607-conf-convener.html]
[math.iisc.ac.in/_nmi/downloads/0.CMA-1.html]
[math.iisc.ac.in/_nmi/downloads/0.CMA-2.html]
[math.iisc.ac.in/_nmi/atp-nubertheory-lecturenotes-crypto-toc.html]
[math.iisc.ac.in/_nmi/MNSWSOrgCom.html]
[math.iisc.ac.in/_nmi/MNSWSResourcePersons.html]
[math.iisc.ac.in/_nmi/MNSWSVenue.html]
[math.iisc.ac.in/_nmi/NSBWSOrgCom.html]
[math.iisc.ac.in/_nmi/NSBWSResourcePersons.html]
[math.iisc.ac.in/_nmi/NSBWSVenue.html]
[math.iisc.ac.in/_nmi/NSBEEWSOrgCom.html]
[math.iisc.ac.in/_nmi/NSBEEConf.html]
[math.iisc.ac.in/_nmi/NSBEEWSResourcePersons.html]
[math.iisc.ac.in/_nmi/NSBEEWSVenue.html]
[math.iisc.ac.in/_nmi/NSBEEConfOrgCom.html]
[math.iisc.ac.in/_nmi/NSBEEConfResourcePersons.html]
[math.iisc.ac.in/_nmi/NSBEEConfVenue.html]
